---
source: crates/mermaid-text/tests/regression_corpus.rs
expression: natural
---






                      ╭──────────╮
                     ▸(  Circle  )────────┐
                     │╰──────────╯        │
┌─────────────┐   Link text               │╱─────────╲
│ Square Rect │──────┘                    ▸│ Rhombus │
└─────────────┘──────┐                    ▸╲─────────╱
                     │╭────────────╮      │
                     ▸│ Round Rect │──────┘
                      ╰────────────╯
