---
source: crates/mermaid-text/tests/regression_corpus.rs
expression: constrained
---






                                    ╭────────╮
                                   ▸│ Cached │──────┐
                                   │╰────────╯      │╭───────╮
╭─────╮       ╱─────────────╲   hit│                ││╭─────╮│
(  ●  )──────▸│ route_check │───miss                ▸││  ●  ││
╰─────╯       ╲─────────────╱──────┐                 │╰─────╯│
                                   │╭────────╮      ▸╰───────╯
                                   ▸│ Origin │──────┘
                                    ╰────────╯
