---
source: crates/mermaid-text/tests/snapshots.rs
expression: out
---
┌─ API (cloud) ────────────────────────────────────────────────────┐
│  ┌────────────┐  ┌────────────┐  ┌────────────┐  ┌────────────┐  │
│  │  Database  │  │  Storage   │  │  Storage   │  │   Server   │  │
│  └────────────┘  └────────────┘  └────────────┘  └────────────┘  │
└──────────────────────────────────────────────────────────────────┘


Connections:
  db:L ─── R:server
  disk1:T ─── B:server
  disk2:T ─── B:db
