---
source: crates/mermaid-text/tests/snapshots.rs
expression: out
---
╭─Supervisor──╮
│             │
│ ┌─────────┐ │    ┌───────────┐      ┌──────────┐
│▸│ Factory │││   ▸│ Heartbeat │─────▸│ Watchdog │
││└─────────┘││   │└───────────┘      └──────────┘
│└─────creates│   │
│┌────panics┼┘│   │
││┌────────┐│ │   │
│▸│ Worker ││ │beat
│ └────────┘──│───┘
│             │
╰─────────────╯
