---
source: crates/mermaid-text/tests/snapshots.rs
expression: out
---
╭─────╮      ┌─────◇────┐    positive     ╭─────────╮      ┃      ╭───────╮
│( ● )│─────▸│ Decision │─────────┐┃     ▸│ Branch1 │─────┐┃      │╭─────╮│
╰─────╯      └─────◇────┘────────┐▸┃─────┘╰─────────╯     ▸┃────┐▸││  ●  ││
                                 │ ┃                       ┃    │││╰─────╯│
                                 │ ┃────┐┌────────────────▸┃ negative─────╯
                                 └──────┼┘╭─────────╮     ├──────┘
                                        └▸│ Branch2 │─────┘
                                          ╰─────────╯
