---
source: crates/mermaid-text/tests/snapshots.rs
expression: out
---


            ╭───────╮
            │ ───── │
           ▸│ Redis │
           │╰───────╯
           │                 ┌────────┐
           │                ▸│ Worker │────┐
           │                │└────────┘    │╭────────────╮
┌─────┐│   │╭──────────╮    │              ││ ────────── │
│ App │├───┘│ ──────── │    │              ▸│ PostgreSQL │
└─────┘├───▸│ RabbitMQ │────┘              ▸╰────────────╯
       │    ╰──────────╯                   │
       └───────────────────────────────────┘
