---
source: crates/mermaid-text/tests/snapshots.rs
assertion_line: 602
expression: out
---






                                         ╭─────────╮
                                        ▸│ Branch1 │──────┐
                                 ┃      │╰─────────╯      │┃
                                 ┃      │                 │┃
                                ▸┃──────┘                 ▸┃──────┐
                                │┃                         ┃      │╭───────╮
╭─────╮       ┌─────◇────┐      │┃──────┐╭─────────╮      ▸┃      ││╭─────╮│
│( ● )│──────▸│ Decision │──────┘       ▸│ Branch2 │──────┘      ┌▸││  ●  ││
╰─────╯       └─────◇────┘───positive───┐╰─────────╯negative     │││╰─────╯│
                                        └────────────────────────┘▸╰───────╯
