---
source: crates/mermaid-text/tests/snapshots.rs
assertion_line: 119
expression: out
---






            ┌───┐
           ▸│ B │
           │└───┘
           │
solid quoted
       dashed quoted
┌───┐──────┘┌───┐
│ A │┄┄┄┄┄┄▸│ C │
└───┘━━━━━━┓└───┘
           ┃
thick quoted
           ┃
           ┃┌───┐
           ▸│ D │
            └───┘
