---
source: crates/mermaid-text/tests/snapshots.rs
expression: out
---
╭─Active──────────────────────────╮
│                                 │
│ ╭───────────╮  ╭────────────╮   │
│ │ NumLockOn ├◂┐│ CapsLockOn ├◂─┐│
│ ╰───────────╯ │╰────────────╯  ││
│       │       │       │        ││
│       │       │       │        ││
│       │       │       │        ││
│       │       │       │        ││
│       │       │       │        ││
│       │       │       │        ││
│       │       │       │        ││
│       │       │       │        ││
│       │EvNumLockPressed        ││
│       │       │EvNumLockPressed│EvCapsLockPressed
│       │       │       │EvCapsLockPressed
│       │       │       │        ││
│       │       │       │        ││
│       │       │       │        ││
│       │       │       │        ││
│       │       │       │        ││
│       │       │       │        ││
│       │       │       │        ││
│       └▾      │       └▾       ││
│ ╭────────────╮│ ╭─────────────╮││
│ │ NumLockOff ├┤ │ CapsLockOff ├┤│
│ ╰────────────╯  ╰─────────────╯ │
│                                 │
╰─────────────────────────────────╯
