---
source: crates/mermaid-text/tests/snapshots.rs
expression: out
---
╭─CI────────────────────────────────────╮
│                                       │
│ ┌──────┐      ┌───────┐      ┌──────┐ │pass┌────────┐
│ │ Lint │━━━━━▸│ Build │━━━━━▸│ Test │━│skip│ Deploy │
│ └──────┘      └───────┘      └──────┘┄│┄┄┄▸└────────┘
│                                       │
╰───────────────────────────────────────╯
