---
source: crates/mermaid-text/tests/snapshots.rs
expression: out
---
          ┌───────┐
          │ Start │
          └───────┘
              │
              │
              │
              │
              │
              │
              │
           ╱──▾──╲
           │ Ok? │
           ╲─────╱
              │ └──┐
              │    │
              │    │
          Yes │    │No
              │    │
              │    │
         ┌────┘    │
      ┌──▾─┐   ┌───▾──┐
      │ Go │   │ Stop │
      └────┘   └──────┘
