---
source: crates/mermaid-text/tests/snapshots.rs
expression: out
---






                                           ╭─────────╮
                                          ▸│ Branch1 │──────┐
                                 ███      │╰─────────╯      │███
                                 ███      │                 │███
                                ▸███──────┘                 ▸███──────┐
                                │███                         ███      │╭───────╮
╭─────╮       ╱──────────╲      │███──────┐╭─────────╮      ▸███      ││╭─────╮│
(  ●  )──────▸│ Decision │──────┘         ▸│ Branch2 │──────┘         ▸││  ●  ││
╰─────╯       ╲──────────╱│  positive      ╰─────────╯                ││╰─────╯│
                          └───────────────────────────────────────────▸╰───────╯
                                                negative
